<?xml version="1.0" encoding="utf-8"?><testsuites><testsuite name="pytest" errors="0" failures="0" skipped="0" tests="4" time="139.062" timestamp="2023-09-17T21:18:32.409465" hostname="lucas-Aspire-R5-571TG"><testcase classname="tests.model.test_model.TestModel" name="test_model_fit" time="33.775" /><testcase classname="tests.model.test_model.TestModel" name="test_model_predict" time="34.578" /><testcase classname="tests.model.test_model.TestModel" name="test_model_preprocess_for_serving" time="36.832" /><testcase classname="tests.model.test_model.TestModel" name="test_model_preprocess_for_training" time="32.360" /></testsuite></testsuites>